[ 'C:\\Program Files\\nodejs\\node.exe',
  'C:\\Users\\josselin.chevalay\\Documents\\project\\restify\\index.js' ]
